Thu 06 Aug 2026 23:14:38 INFO  ['train.py', '--model', 'NCF', '--dataset', 'ml-32m-smoke']
Thu 06 Aug 2026 23:14:38 INFO  
General Hyper Parameters:
gpu_id = 0
use_gpu = True
seed = 2026
state = INFO
reproducibility = True
data_path = dataset/ml-32m-smoke
checkpoint_dir = saved/
show_progress = True
save_dataset = False
dataset_save_path = None
save_dataloaders = False
dataloaders_save_path = None
log_wandb = False

Training Hyper Parameters:
epochs = 20
train_batch_size = 4096
learner = adam
learning_rate = 0.001
train_neg_sample_args = {'distribution': 'uniform', 'sample_num': 1, 'alpha': 1.0, 'dynamic': False, 'candidate_num': 0}
eval_step = 1
stopping_step = 10
clip_grad_norm = None
weight_decay = 0.0
loss_decimal_place = 4

Evaluation Hyper Parameters:
eval_args = {'split': {'RS': [0.8, 0.1, 0.1]}, 'order': 'RO', 'group_by': 'user', 'mode': {'valid': 'full', 'test': 'full'}}
repeatable = False
metrics = ['Recall', 'NDCG', 'Hit', 'Precision']
topk = [10, 20]
valid_metric = NDCG@10
valid_metric_bigger = True
eval_batch_size = 4096
metric_decimal_place = 4

Dataset Hyper Parameters:
field_separator = 	
seq_separator =  
USER_ID_FIELD = user_id
ITEM_ID_FIELD = item_id
RATING_FIELD = rating
TIME_FIELD = timestamp
seq_len = None
LABEL_FIELD = label
threshold = None
NEG_PREFIX = neg_
load_col = {'inter': ['user_id', 'item_id', 'rating', 'timestamp']}
unload_col = None
unused_col = None
additional_feat_suffix = None
rm_dup_inter = None
val_interval = {'rating': '[3,inf)'}
filter_inter_by_user_or_item = True
user_inter_num_interval = [0,inf)
item_inter_num_interval = [0,inf)
alias_of_user_id = None
alias_of_item_id = None
alias_of_entity_id = None
alias_of_relation_id = None
preload_weight = None
normalize_field = None
normalize_all = None
ITEM_LIST_LENGTH_FIELD = item_length
LIST_SUFFIX = _list
MAX_ITEM_LIST_LENGTH = 50
POSITION_FIELD = position_id
HEAD_ENTITY_ID_FIELD = head_id
TAIL_ENTITY_ID_FIELD = tail_id
RELATION_ID_FIELD = relation_id
ENTITY_ID_FIELD = entity_id
benchmark_filename = None

Other Hyper Parameters: 
worker = 0
wandb_project = recbole
shuffle = True
require_pow = False
enable_amp = False
enable_scaler = False
transform = None
mf_embedding_size = 64
mlp_embedding_size = 64
mlp_hidden_size = [128, 64, 32]
dropout_prob = 0.1
mf_train = True
mlp_train = True
use_pretrain = False
mf_pretrain_path = None
mlp_pretrain_path = None
numerical_features = []
discretization = None
kg_reverse_r = False
entity_kg_num_interval = [0,inf)
relation_kg_num_interval = [0,inf)
MODEL_TYPE = ModelType.GENERAL
min_user_inter_num = 5
min_item_inter_num = 5
device = cpu
MODEL_INPUT_TYPE = InputType.POINTWISE
eval_type = EvaluatorType.RANKING
single_spec = True
local_rank = 0
valid_neg_sample_args = {'distribution': 'uniform', 'sample_num': 'none'}
test_neg_sample_args = {'distribution': 'uniform', 'sample_num': 'none'}


Thu 06 Aug 2026 23:14:40 INFO  ml-32m-smoke
The number of users: 3001
Average actions of users: 127.858
The number of items: 16350
Average actions of items: 23.461618447611475
The number of inters: 383574
The sparsity of the dataset: 99.21825446563683%
Remain Fields: ['user_id', 'item_id', 'rating', 'timestamp']
Thu 06 Aug 2026 23:14:41 INFO  [Training]: train_batch_size = [4096] train_neg_sample_args: [{'distribution': 'uniform', 'sample_num': 1, 'alpha': 1.0, 'dynamic': False, 'candidate_num': 0}]
Thu 06 Aug 2026 23:14:41 INFO  [Evaluation]: eval_batch_size = [4096] eval_args: [{'split': {'RS': [0.8, 0.1, 0.1]}, 'order': 'RO', 'group_by': 'user', 'mode': {'valid': 'full', 'test': 'full'}}]
Thu 06 Aug 2026 23:14:41 INFO  NeuMF(
  (user_mf_embedding): Embedding(3001, 64)
  (item_mf_embedding): Embedding(16350, 64)
  (user_mlp_embedding): Embedding(3001, 64)
  (item_mlp_embedding): Embedding(16350, 64)
  (mlp_layers): MLPLayers(
    (mlp_layers): Sequential(
      (0): Dropout(p=0.1, inplace=False)
      (1): Linear(in_features=128, out_features=128, bias=True)
      (2): ReLU()
      (3): Dropout(p=0.1, inplace=False)
      (4): Linear(in_features=128, out_features=64, bias=True)
      (5): ReLU()
      (6): Dropout(p=0.1, inplace=False)
      (7): Linear(in_features=64, out_features=32, bias=True)
      (8): ReLU()
    )
  )
  (predict_layer): Linear(in_features=96, out_features=1, bias=True)
  (sigmoid): Sigmoid()
  (loss): BCEWithLogitsLoss()
)
Trainable parameters: 2503873
Thu 06 Aug 2026 23:14:42 INFO  FLOPs: 26976.0
Thu 06 Aug 2026 23:14:51 INFO  epoch 0 training [time: 7.62s, train loss: 70.9945]
Thu 06 Aug 2026 23:15:42 INFO  epoch 0 evaluating [time: 51.01s, valid_score: 0.072800]
Thu 06 Aug 2026 23:15:42 INFO  valid result: 
recall@10 : 0.0626    recall@20 : 0.1099    ndcg@10 : 0.0728    ndcg@20 : 0.0849    hit@10 : 0.3718    hit@20 : 0.5138    precision@10 : 0.0591    precision@20 : 0.051
Thu 06 Aug 2026 23:15:42 INFO  Saving current: saved/NeuMF-Aug-06-2026_23-14-42.pth
Thu 06 Aug 2026 23:15:50 INFO  epoch 1 training [time: 8.53s, train loss: 51.7368]
Thu 06 Aug 2026 23:16:41 INFO  epoch 1 evaluating [time: 50.31s, valid_score: 0.090200]
Thu 06 Aug 2026 23:16:41 INFO  valid result: 
recall@10 : 0.0714    recall@20 : 0.1215    ndcg@10 : 0.0902    ndcg@20 : 0.1021    hit@10 : 0.4078    hit@20 : 0.5488    precision@10 : 0.0676    precision@20 : 0.0574
Thu 06 Aug 2026 23:16:41 INFO  Saving current: saved/NeuMF-Aug-06-2026_23-14-42.pth
Thu 06 Aug 2026 23:16:49 INFO  epoch 2 training [time: 8.49s, train loss: 47.5125]
Thu 06 Aug 2026 23:17:38 INFO  epoch 2 evaluating [time: 49.22s, valid_score: 0.103100]
Thu 06 Aug 2026 23:17:38 INFO  valid result: 
recall@10 : 0.0822    recall@20 : 0.1316    ndcg@10 : 0.1031    ndcg@20 : 0.1136    hit@10 : 0.4418    hit@20 : 0.5669    precision@10 : 0.0749    precision@20 : 0.0615
Thu 06 Aug 2026 23:17:39 INFO  Saving current: saved/NeuMF-Aug-06-2026_23-14-42.pth
Thu 06 Aug 2026 23:17:48 INFO  epoch 3 training [time: 9.26s, train loss: 42.7645]
Thu 06 Aug 2026 23:18:42 INFO  epoch 3 evaluating [time: 53.71s, valid_score: 0.106200]
Thu 06 Aug 2026 23:18:42 INFO  valid result: 
recall@10 : 0.0871    recall@20 : 0.1409    ndcg@10 : 0.1062    ndcg@20 : 0.1196    hit@10 : 0.4512    hit@20 : 0.5872    precision@10 : 0.0771    precision@20 : 0.0656
Thu 06 Aug 2026 23:18:42 INFO  Saving current: saved/NeuMF-Aug-06-2026_23-14-42.pth
Thu 06 Aug 2026 23:18:51 INFO  epoch 4 training [time: 9.92s, train loss: 38.8363]
Thu 06 Aug 2026 23:19:45 INFO  epoch 4 evaluating [time: 53.81s, valid_score: 0.113300]
Thu 06 Aug 2026 23:19:45 INFO  valid result: 
recall@10 : 0.0945    recall@20 : 0.1491    ndcg@10 : 0.1133    ndcg@20 : 0.1262    hit@10 : 0.4745    hit@20 : 0.5995    precision@10 : 0.0831    precision@20 : 0.0688
Thu 06 Aug 2026 23:19:45 INFO  Saving current: saved/NeuMF-Aug-06-2026_23-14-42.pth
Thu 06 Aug 2026 23:19:55 INFO  epoch 5 training [time: 9.75s, train loss: 35.3483]
Thu 06 Aug 2026 23:20:43 INFO  epoch 5 evaluating [time: 47.84s, valid_score: 0.112900]
Thu 06 Aug 2026 23:20:43 INFO  valid result: 
recall@10 : 0.0934    recall@20 : 0.1554    ndcg@10 : 0.1129    ndcg@20 : 0.1292    hit@10 : 0.4778    hit@20 : 0.6105    precision@10 : 0.082    precision@20 : 0.0708
Thu 06 Aug 2026 23:20:50 INFO  epoch 6 training [time: 7.54s, train loss: 32.5834]
Thu 06 Aug 2026 23:21:35 INFO  epoch 6 evaluating [time: 44.37s, valid_score: 0.115600]
Thu 06 Aug 2026 23:21:35 INFO  valid result: 
recall@10 : 0.094    recall@20 : 0.1588    ndcg@10 : 0.1156    ndcg@20 : 0.1316    hit@10 : 0.4832    hit@20 : 0.6215    precision@10 : 0.0858    precision@20 : 0.0727
Thu 06 Aug 2026 23:21:35 INFO  Saving current: saved/NeuMF-Aug-06-2026_23-14-42.pth
Thu 06 Aug 2026 23:21:43 INFO  epoch 7 training [time: 7.72s, train loss: 30.1169]
Thu 06 Aug 2026 23:22:27 INFO  epoch 7 evaluating [time: 44.02s, valid_score: 0.116700]
Thu 06 Aug 2026 23:22:27 INFO  valid result: 
recall@10 : 0.0983    recall@20 : 0.1611    ndcg@10 : 0.1167    ndcg@20 : 0.1325    hit@10 : 0.4865    hit@20 : 0.6205    precision@10 : 0.0871    precision@20 : 0.0738
Thu 06 Aug 2026 23:22:27 INFO  Saving current: saved/NeuMF-Aug-06-2026_23-14-42.pth
Thu 06 Aug 2026 23:22:34 INFO  epoch 8 training [time: 7.40s, train loss: 28.1913]
Thu 06 Aug 2026 23:23:18 INFO  epoch 8 evaluating [time: 43.85s, valid_score: 0.123600]
Thu 06 Aug 2026 23:23:18 INFO  valid result: 
recall@10 : 0.1026    recall@20 : 0.1684    ndcg@10 : 0.1236    ndcg@20 : 0.1401    hit@10 : 0.5035    hit@20 : 0.6359    precision@10 : 0.0911    precision@20 : 0.0772
Thu 06 Aug 2026 23:23:18 INFO  Saving current: saved/NeuMF-Aug-06-2026_23-14-42.pth
Thu 06 Aug 2026 23:23:26 INFO  epoch 9 training [time: 8.23s, train loss: 26.5420]
Thu 06 Aug 2026 23:24:11 INFO  epoch 9 evaluating [time: 44.44s, valid_score: 0.123400]
Thu 06 Aug 2026 23:24:11 INFO  valid result: 
recall@10 : 0.1041    recall@20 : 0.1711    ndcg@10 : 0.1234    ndcg@20 : 0.1403    hit@10 : 0.5038    hit@20 : 0.6389    precision@10 : 0.0909    precision@20 : 0.0776
Thu 06 Aug 2026 23:24:18 INFO  epoch 10 training [time: 7.65s, train loss: 25.0748]
Thu 06 Aug 2026 23:25:12 INFO  epoch 10 evaluating [time: 54.12s, valid_score: 0.120400]
Thu 06 Aug 2026 23:25:12 INFO  valid result: 
recall@10 : 0.1009    recall@20 : 0.1706    ndcg@10 : 0.1204    ndcg@20 : 0.1374    hit@10 : 0.5008    hit@20 : 0.6382    precision@10 : 0.09    precision@20 : 0.0757
Thu 06 Aug 2026 23:25:20 INFO  epoch 11 training [time: 7.66s, train loss: 23.9345]
Thu 06 Aug 2026 23:26:04 INFO  epoch 11 evaluating [time: 44.33s, valid_score: 0.128200]
Thu 06 Aug 2026 23:26:04 INFO  valid result: 
recall@10 : 0.109    recall@20 : 0.1755    ndcg@10 : 0.1282    ndcg@20 : 0.1442    hit@10 : 0.5165    hit@20 : 0.6499    precision@10 : 0.0944    precision@20 : 0.0784
Thu 06 Aug 2026 23:26:05 INFO  Saving current: saved/NeuMF-Aug-06-2026_23-14-42.pth
Thu 06 Aug 2026 23:26:12 INFO  epoch 12 training [time: 7.77s, train loss: 22.7668]
Thu 06 Aug 2026 23:26:56 INFO  epoch 12 evaluating [time: 44.16s, valid_score: 0.124400]
Thu 06 Aug 2026 23:26:56 INFO  valid result: 
recall@10 : 0.1077    recall@20 : 0.1755    ndcg@10 : 0.1244    ndcg@20 : 0.1409    hit@10 : 0.5215    hit@20 : 0.6506    precision@10 : 0.0922    precision@20 : 0.077
Thu 06 Aug 2026 23:27:04 INFO  epoch 13 training [time: 7.57s, train loss: 21.7654]
Thu 06 Aug 2026 23:27:48 INFO  epoch 13 evaluating [time: 44.01s, valid_score: 0.122600]
Thu 06 Aug 2026 23:27:48 INFO  valid result: 
recall@10 : 0.1078    recall@20 : 0.1748    ndcg@10 : 0.1226    ndcg@20 : 0.1394    hit@10 : 0.5182    hit@20 : 0.6475    precision@10 : 0.0906    precision@20 : 0.0761
Thu 06 Aug 2026 23:27:55 INFO  epoch 14 training [time: 7.46s, train loss: 20.6392]
Thu 06 Aug 2026 23:28:39 INFO  epoch 14 evaluating [time: 43.10s, valid_score: 0.123700]
Thu 06 Aug 2026 23:28:39 INFO  valid result: 
recall@10 : 0.1058    recall@20 : 0.1764    ndcg@10 : 0.1237    ndcg@20 : 0.1417    hit@10 : 0.5148    hit@20 : 0.6532    precision@10 : 0.0907    precision@20 : 0.0772
Thu 06 Aug 2026 23:28:46 INFO  epoch 15 training [time: 7.78s, train loss: 19.9653]
Thu 06 Aug 2026 23:29:31 INFO  epoch 15 evaluating [time: 44.63s, valid_score: 0.126400]
Thu 06 Aug 2026 23:29:31 INFO  valid result: 
recall@10 : 0.1091    recall@20 : 0.1825    ndcg@10 : 0.1264    ndcg@20 : 0.1447    hit@10 : 0.5218    hit@20 : 0.6609    precision@10 : 0.094    precision@20 : 0.0794
Thu 06 Aug 2026 23:29:39 INFO  epoch 16 training [time: 7.69s, train loss: 18.9959]
Thu 06 Aug 2026 23:32:20 INFO  epoch 16 evaluating [time: 161.21s, valid_score: 0.123800]
Thu 06 Aug 2026 23:32:20 INFO  valid result: 
recall@10 : 0.108    recall@20 : 0.178    ndcg@10 : 0.1238    ndcg@20 : 0.1415    hit@10 : 0.5248    hit@20 : 0.6552    precision@10 : 0.0918    precision@20 : 0.0773
Thu 06 Aug 2026 23:32:36 INFO  epoch 17 training [time: 15.67s, train loss: 18.4522]
Thu 06 Aug 2026 23:34:05 INFO  epoch 17 evaluating [time: 89.46s, valid_score: 0.128600]
Thu 06 Aug 2026 23:34:05 INFO  valid result: 
recall@10 : 0.111    recall@20 : 0.1826    ndcg@10 : 0.1286    ndcg@20 : 0.1473    hit@10 : 0.5255    hit@20 : 0.6572    precision@10 : 0.0935    precision@20 : 0.0795
Thu 06 Aug 2026 23:34:05 INFO  Saving current: saved/NeuMF-Aug-06-2026_23-14-42.pth
Thu 06 Aug 2026 23:34:18 INFO  epoch 18 training [time: 13.12s, train loss: 17.8586]
Thu 06 Aug 2026 23:35:49 INFO  epoch 18 evaluating [time: 90.67s, valid_score: 0.124100]
Thu 06 Aug 2026 23:35:49 INFO  valid result: 
recall@10 : 0.1091    recall@20 : 0.1812    ndcg@10 : 0.1241    ndcg@20 : 0.1431    hit@10 : 0.5218    hit@20 : 0.6546    precision@10 : 0.0917    precision@20 : 0.0777
Thu 06 Aug 2026 23:36:02 INFO  epoch 19 training [time: 13.08s, train loss: 17.3688]
Thu 06 Aug 2026 23:37:29 INFO  epoch 19 evaluating [time: 86.87s, valid_score: 0.125000]
Thu 06 Aug 2026 23:37:29 INFO  valid result: 
recall@10 : 0.1086    recall@20 : 0.1788    ndcg@10 : 0.125    ndcg@20 : 0.1429    hit@10 : 0.5228    hit@20 : 0.6506    precision@10 : 0.0919    precision@20 : 0.0777
Thu 06 Aug 2026 23:37:29 INFO  Loading model structure and parameters from saved/NeuMF-Aug-06-2026_23-14-42.pth
Thu 06 Aug 2026 23:38:49 INFO  The running environment of this training is as follows:
+-------------+----------------+
| Environment |     Usage      |
+=============+================+
| CPU         |    27.90 %     |
+-------------+----------------+
| GPU         |   0.0 / 0.0    |
+-------------+----------------+
| Memory      | 0.32 G/15.56 G |
+-------------+----------------+
Thu 06 Aug 2026 23:38:49 INFO  best valid : OrderedDict({'recall@10': np.float64(0.111), 'recall@20': np.float64(0.1826), 'ndcg@10': np.float64(0.1286), 'ndcg@20': np.float64(0.1473), 'hit@10': np.float64(0.5255), 'hit@20': np.float64(0.6572), 'precision@10': np.float64(0.0935), 'precision@20': np.float64(0.0795)})
Thu 06 Aug 2026 23:38:49 INFO  test result: OrderedDict({'recall@10': np.float64(0.1223), 'recall@20': np.float64(0.1919), 'ndcg@10': np.float64(0.1496), 'ndcg@20': np.float64(0.1631), 'hit@10': np.float64(0.55), 'hit@20': np.float64(0.667), 'precision@10': np.float64(0.1117), 'precision@20': np.float64(0.09)})
